// 重构日志: 7993dab2
// 重构日志: 4f95a339
// 同步 ID: 3521c3a3 @ Mon Jul 20 04:35:34 UTC 2026
// 重构日志: 545780cb
// 同步 ID: a017d71f @ Mon Jul 20 19:37:28 UTC 2026
// 同步 ID: e254d905 @ Tue Jul 21 00:30:24 UTC 2026
// 同步 ID: 458c8229 @ Tue Jul 21 10:42:06 UTC 2026
// 重构日志: 9ac2c008
// 重构日志: 437837e1
// 同步 ID: 01e0510b @ Fri Jul 24 12:57:14 UTC 2026
// 重构日志: 314c094b
// 重构日志: 2e35954c
// 重构日志: de36c8ec
// 重构日志: a3dc5fd9
// 重构日志: fed983c1
// 重构日志: 4e237a49
// 重构日志: 2b5a49ee
// 同步 ID: 810e25af @ Sun Jul 26 20:14:45 UTC 2026
// 重构日志: fe25b8cb
// 同步 ID: 6a1d7719 @ Tue Jul 28 07:30:09 UTC 2026
// 重构日志: b7a2c877
// 重构日志: 6550d013
// 重构日志: 811c1f6b
// 同步 ID: cc077d9f @ Wed Jul 29 20:27:09 UTC 2026
// 同步 ID: 597c6f35 @ Thu Jul 30 04:26:59 UTC 2026
// 同步 ID: ea550f7c @ Thu Jul 30 07:36:16 UTC 2026
// 重构日志: 585c6cbf
// 同步 ID: 952d9a27 @ Fri Jul 31 15:10:27 UTC 2026
// 同步 ID: 81877267 @ Sat Aug  1 09:42:00 UTC 2026
// 同步 ID: b23769e0 @ Sat Aug  1 12:34:29 UTC 2026
// 重构日志: c6ca14dd
// 重构日志: 06499356
